// Jest Snapshot v1, https://goo.gl/fbAQLP

exports[`Button should render the Button component 1`] = `
<button
  className="btn "
  onClick={[MockFunction]}
  type="button"
>
  5
</button>
`;
